[backblue.gif]
[fade.gif]
[index.html]
[tunatheme.com/tf/html/broccoli-preview/broccoli/img/favicon.png]
[tunatheme.com/tf/html/broccoli-preview/broccoli/img/logo.png]
[tunatheme.com/tf/html/broccoli-preview/broccoli/img/home-demos/home-1.jpg]
[tunatheme.com/tf/html/broccoli-preview/broccoli/img/home-demos/home-2.jpg]
[tunatheme.com/tf/html/broccoli-preview/broccoli/img/home-demos/home-3.jpg]
[tunatheme.com/tf/html/broccoli-preview/broccoli/img/home-demos/home-4.jpg]
[tunatheme.com/tf/html/broccoli-preview/broccoli/img/home-demos/home-5.jpg]
[tunatheme.com/tf/html/broccoli-preview/broccoli/img/home-demos/home-6.jpg]
[tunatheme.com/tf/html/broccoli-preview/broccoli/img/home-demos/home-7.jpg]
[tunatheme.com/tf/html/broccoli-preview/broccoli/img/home-demos/home-8.jpg]
[tunatheme.com/tf/html/broccoli-preview/broccoli/img/home-demos/home-9.jpg]
[tunatheme.com/tf/html/broccoli-preview/broccoli/img/home-demos/home-10.jpg]
[tunatheme.com/tf/html/broccoli-preview/broccoli/img/home-demos/home-11.jpg]
[tunatheme.com/tf/html/broccoli-preview/broccoli/img/banner/menu-banner-1.png]
[tunatheme.com/tf/html/broccoli-preview/broccoli/img/product/1.png]
[tunatheme.com/tf/html/broccoli-preview/broccoli/img/product/2.png]
[tunatheme.com/tf/html/broccoli-preview/broccoli/img/product/3.png]
[tunatheme.com/tf/html/broccoli-preview/broccoli/img/product/4.png]
[tunatheme.com/tf/html/broccoli-preview/broccoli/img/icons/icon-img/1.png]
[tunatheme.com/tf/html/broccoli-preview/broccoli/img/slider/23.png]
[tunatheme.com/tf/html/broccoli-preview/broccoli/img/slider/21.png]
[tunatheme.com/tf/html/broccoli-preview/broccoli/img/banner/1.jpg]
[tunatheme.com/tf/html/broccoli-preview/broccoli/img/banner/2.jpg]
[tunatheme.com/tf/html/broccoli-preview/broccoli/img/banner/13.png]
[tunatheme.com/tf/html/broccoli-preview/broccoli/img/banner/14.png]
[tunatheme.com/tf/html/broccoli-preview/broccoli/img/banner/15.png]
[tunatheme.com/tf/html/broccoli-preview/broccoli/img/product/11.png]
[tunatheme.com/tf/html/broccoli-preview/broccoli/img/product/7.png]
[tunatheme.com/tf/html/broccoli-preview/broccoli/img/product/12.png]
[tunatheme.com/tf/html/broccoli-preview/broccoli/img/product/8.png]
[tunatheme.com/tf/html/broccoli-preview/broccoli/img/product/13.png]
[tunatheme.com/tf/html/broccoli-preview/broccoli/img/product/9.png]
[tunatheme.com/tf/html/broccoli-preview/broccoli/img/product/14.png]
[tunatheme.com/tf/html/broccoli-preview/broccoli/img/product/10.png]
[tunatheme.com/tf/html/broccoli-preview/broccoli/img/product/15.png]
[tunatheme.com/tf/html/broccoli-preview/broccoli/img/product/6.png]
[tunatheme.com/tf/html/broccoli-preview/broccoli/img/product/16.png]
[tunatheme.com/tf/html/broccoli-preview/broccoli/img/product/5.png]
[tunatheme.com/tf/html/broccoli-preview/broccoli/img/banner/11.png]
[tunatheme.com/tf/html/broccoli-preview/broccoli/img/bg/15.jpg]
[tunatheme.com/tf/html/broccoli-preview/broccoli/img/testimonial/6.jpg]
[tunatheme.com/tf/html/broccoli-preview/broccoli/img/testimonial/7.jpg]
[tunatheme.com/tf/html/broccoli-preview/broccoli/img/testimonial/1.jpg]
[tunatheme.com/tf/html/broccoli-preview/broccoli/img/testimonial/2.jpg]
[tunatheme.com/tf/html/broccoli-preview/broccoli/img/testimonial/5.jpg]
[tunatheme.com/tf/html/broccoli-preview/broccoli/img/blog/1.jpg]
[tunatheme.com/tf/html/broccoli-preview/broccoli/img/blog/2.jpg]
[tunatheme.com/tf/html/broccoli-preview/broccoli/img/blog/3.jpg]
[tunatheme.com/tf/html/broccoli-preview/broccoli/img/blog/4.jpg]
[tunatheme.com/tf/html/broccoli-preview/broccoli/img/blog/5.jpg]
[tunatheme.com/tf/html/broccoli-preview/broccoli/img/icons/icon-img/11.png]
[tunatheme.com/tf/html/broccoli-preview/broccoli/img/icons/icon-img/12.png]
[tunatheme.com/tf/html/broccoli-preview/broccoli/img/icons/icon-img/13.png]
[tunatheme.com/tf/html/broccoli-preview/broccoli/img/icons/icon-img/14.png]
[tunatheme.com/tf/html/broccoli-preview/broccoli/img/icons/payment-4.png]
[tunatheme.com/tf/html/broccoli-preview/broccoli/img/icons/payment.png]
[tunatheme.com/tf/html/broccoli-preview/broccoli/js/plugins.js]
[tunatheme.com/tf/html/broccoli-preview/broccoli/js/main.js]
[tunatheme.com/tf/html/broccoli-preview/broccoli/index.html]
[tunatheme.com/tf/html/broccoli-preview/broccoli/webfonts/fa-brands-400.eot]
[tunatheme.com/tf/html/broccoli-preview/broccoli/webfonts/fa-brands-400d41d.eot]
[tunatheme.com/tf/html/broccoli-preview/broccoli/webfonts/fa-brands-400.woff2]
[tunatheme.com/tf/html/broccoli-preview/broccoli/webfonts/fa-brands-400.woff]
[tunatheme.com/tf/html/broccoli-preview/broccoli/webfonts/fa-brands-400.ttf]
[tunatheme.com/tf/html/broccoli-preview/broccoli/webfonts/fa-regular-400.eot]
[tunatheme.com/tf/html/broccoli-preview/broccoli/webfonts/fa-regular-400d41d.eot]
[tunatheme.com/tf/html/broccoli-preview/broccoli/webfonts/fa-regular-400.woff2]
[tunatheme.com/tf/html/broccoli-preview/broccoli/webfonts/fa-regular-400.woff]
[tunatheme.com/tf/html/broccoli-preview/broccoli/webfonts/fa-regular-400.ttf]
[tunatheme.com/tf/html/broccoli-preview/broccoli/webfonts/fa-solid-900.eot]
[tunatheme.com/tf/html/broccoli-preview/broccoli/webfonts/fa-solid-900d41d.eot]
[tunatheme.com/tf/html/broccoli-preview/broccoli/webfonts/fa-solid-900.woff2]
[tunatheme.com/tf/html/broccoli-preview/broccoli/webfonts/fa-solid-900.woff]
[tunatheme.com/tf/html/broccoli-preview/broccoli/webfonts/fa-solid-900.ttf]
[tunatheme.com/tf/html/broccoli-preview/broccoli/fonts/icomoon7d2d.eot]
[tunatheme.com/tf/html/broccoli-preview/broccoli/fonts/icomoon7d2d.ttf]
[tunatheme.com/tf/html/broccoli-preview/broccoli/fonts/icomoon7d2d.woff]
[tunatheme.com/tf/html/broccoli-preview/broccoli/css/font-icons.css]
[tunatheme.com/tf/html/broccoli-preview/broccoli/fonts/lightcaseeead.eot]
[tunatheme.com/tf/html/broccoli-preview/broccoli/fonts/lightcaseeead.woff]
[tunatheme.com/tf/html/broccoli-preview/broccoli/fonts/lightcaseeead.ttf]
[tunatheme.com/tf/html/broccoli-preview/broccoli/css/plugins.css]
[tunatheme.com/tf/html/broccoli-preview/broccoli/img/effect/1.png]
[tunatheme.com/tf/html/broccoli-preview/broccoli/img/effect/2.png]
[tunatheme.com/tf/html/broccoli-preview/broccoli/img/effect/3.png]
[tunatheme.com/tf/html/broccoli-preview/broccoli/img/effect/4.png]
[tunatheme.com/tf/html/broccoli-preview/broccoli/img/effect/5.png]
[tunatheme.com/tf/html/broccoli-preview/broccoli/img/effect/6.png]
[tunatheme.com/tf/html/broccoli-preview/broccoli/img/slider/1.jpg]
[tunatheme.com/tf/html/broccoli-preview/broccoli/img/slider/2.jpg]
[tunatheme.com/tf/html/broccoli-preview/broccoli/img/icons/car.png]
[tunatheme.com/tf/html/broccoli-preview/broccoli/css/style.css]
[tunatheme.com/tf/html/broccoli-preview/broccoli/css/responsive.css]
[tunatheme.com/tf/html/broccoli-preview/broccoli/img/logo-2.png]
[tunatheme.com/tf/html/broccoli-preview/broccoli/img/bg/9.jpg]
[tunatheme.com/tf/html/broccoli-preview/broccoli/js/maplace-active.js]
[tunatheme.com/tf/html/broccoli-preview/broccoli/locations.html]
[tunatheme.com/tf/html/broccoli-preview/broccoli/index-2.html]
[tunatheme.com/tf/html/broccoli-preview/broccoli/img/slider/22.png]
[tunatheme.com/tf/html/broccoli-preview/broccoli/img/others/6.png]
[tunatheme.com/tf/html/broccoli-preview/broccoli/img/icons/icon-img/author-sign.png]
[tunatheme.com/tf/html/broccoli-preview/broccoli/img/bg/5.jpg]
[tunatheme.com/tf/html/broccoli-preview/broccoli/img/icons/icon-img/category-1.png]
[tunatheme.com/tf/html/broccoli-preview/broccoli/img/icons/icon-img/category-2.png]
[tunatheme.com/tf/html/broccoli-preview/broccoli/img/icons/icon-img/category-3.png]
[tunatheme.com/tf/html/broccoli-preview/broccoli/img/icons/icon-img/category-4.png]
[tunatheme.com/tf/html/broccoli-preview/broccoli/img/icons/icon-img/category-5.png]
[tunatheme.com/tf/html/broccoli-preview/broccoli/img/icons/icon-img/2.png]
[tunatheme.com/tf/html/broccoli-preview/broccoli/img/icons/icon-img/3.png]
[tunatheme.com/tf/html/broccoli-preview/broccoli/img/icons/icon-img/4.png]
[tunatheme.com/tf/html/broccoli-preview/broccoli/img/icons/icon-img/5.png]
[tunatheme.com/tf/html/broccoli-preview/broccoli/img/bg/6.jpg]
[tunatheme.com/tf/html/broccoli-preview/broccoli/img/bg/12.png]
[tunatheme.com/tf/html/broccoli-preview/broccoli/img/bg/11.png]
[tunatheme.com/tf/html/broccoli-preview/broccoli/index-3.html]
[tunatheme.com/tf/html/broccoli-preview/broccoli/img/slider/61.jpg]
[tunatheme.com/tf/html/broccoli-preview/broccoli/img/slider/62.jpg]
[tunatheme.com/tf/html/broccoli-preview/broccoli/img/brand-logo/1.png]
[tunatheme.com/tf/html/broccoli-preview/broccoli/img/brand-logo/2.png]
[tunatheme.com/tf/html/broccoli-preview/broccoli/img/brand-logo/3.png]
[tunatheme.com/tf/html/broccoli-preview/broccoli/img/brand-logo/4.png]
[tunatheme.com/tf/html/broccoli-preview/broccoli/img/brand-logo/5.png]
[tunatheme.com/tf/html/broccoli-preview/broccoli/index-4.html]
[tunatheme.com/tf/html/broccoli-preview/broccoli/img/banner/3.jpg]
[tunatheme.com/tf/html/broccoli-preview/broccoli/index-5.html]
[tunatheme.com/tf/html/broccoli-preview/broccoli/media/1.mp4]
[tunatheme.com/tf/html/broccoli-preview/broccoli/img/slider/41.jpg]
[tunatheme.com/tf/html/broccoli-preview/broccoli/img/icons/icon-img/21.png]
[tunatheme.com/tf/html/broccoli-preview/broccoli/img/icons/icon-img/22.png]
[tunatheme.com/tf/html/broccoli-preview/broccoli/img/others/1.jpg]
[tunatheme.com/tf/html/broccoli-preview/broccoli/img/others/2.jpg]
[tunatheme.com/tf/html/broccoli-preview/broccoli/img/service/1.jpg]
[tunatheme.com/tf/html/broccoli-preview/broccoli/img/service/2.jpg]
[tunatheme.com/tf/html/broccoli-preview/broccoli/img/service/3.jpg]
[tunatheme.com/tf/html/broccoli-preview/broccoli/img/others/2.png]
[tunatheme.com/tf/html/broccoli-preview/broccoli/img/img-slide/1.jpg]
[tunatheme.com/tf/html/broccoli-preview/broccoli/img/img-slide/2.jpg]
[tunatheme.com/tf/html/broccoli-preview/broccoli/img/img-slide/3.jpg]
[tunatheme.com/tf/html/broccoli-preview/broccoli/img/img-slide/4.jpg]
[tunatheme.com/tf/html/broccoli-preview/broccoli/img/bg/2.jpg]
[tunatheme.com/tf/html/broccoli-preview/broccoli/index-6.html]
[tunatheme.com/tf/html/broccoli-preview/broccoli/img/slider/11.jpg]
[tunatheme.com/tf/html/broccoli-preview/broccoli/index-7.html]
[tunatheme.com/tf/html/broccoli-preview/broccoli/img/slider/12.jpg]
[tunatheme.com/tf/html/broccoli-preview/broccoli/img/slider/13.jpg]
[tunatheme.com/tf/html/broccoli-preview/broccoli/img/slider/14.jpg]
[tunatheme.com/tf/html/broccoli-preview/broccoli/index-8.html]
[tunatheme.com/tf/html/broccoli-preview/broccoli/index-9.html]
[tunatheme.com/tf/html/broccoli-preview/broccoli/img/img-slide/21.jpg]
[tunatheme.com/tf/html/broccoli-preview/broccoli/img/img-slide/22.jpg]
[tunatheme.com/tf/html/broccoli-preview/broccoli/img/img-slide/23.jpg]
[tunatheme.com/tf/html/broccoli-preview/broccoli/index-10.html]
[tunatheme.com/tf/html/broccoli-preview/broccoli/index-11.html]
[tunatheme.com/tf/html/broccoli-preview/broccoli/index-12.html]
[tunatheme.com/tf/html/broccoli-preview/broccoli/img/img-slide/24.jpg]
[tunatheme.com/tf/html/broccoli-preview/broccoli/img/icons/icon-img/23.png]
[tunatheme.com/tf/html/broccoli-preview/broccoli/img/team/1.jpg]
[tunatheme.com/tf/html/broccoli-preview/broccoli/img/team/2.jpg]
[tunatheme.com/tf/html/broccoli-preview/broccoli/img/team/3.jpg]
[tunatheme.com/tf/html/broccoli-preview/broccoli/img/team/4.jpg]
[tunatheme.com/tf/html/broccoli-preview/broccoli/img/bg/13.jpg]
[tunatheme.com/tf/html/broccoli-preview/broccoli/img/others/5.jpg]
[tunatheme.com/tf/html/broccoli-preview/broccoli/about.html]
[tunatheme.com/tf/html/broccoli-preview/broccoli/img/bg/17.jpg]
[tunatheme.com/tf/html/broccoli-preview/broccoli/img/service/11.jpg]
[tunatheme.com/tf/html/broccoli-preview/broccoli/img/bg/8.jpg]
[tunatheme.com/tf/html/broccoli-preview/broccoli/img/service/history-1.jpg]
[tunatheme.com/tf/html/broccoli-preview/broccoli/service.html]
[tunatheme.com/tf/html/broccoli-preview/broccoli/img/bg/16.jpg]
[tunatheme.com/tf/html/broccoli-preview/broccoli/img/service/21.jpg]
[tunatheme.com/tf/html/broccoli-preview/broccoli/img/service/31.jpg]
[tunatheme.com/tf/html/broccoli-preview/broccoli/img/service/32.jpg]
[tunatheme.com/tf/html/broccoli-preview/broccoli/service-details.html]
[tunatheme.com/tf/html/broccoli-preview/broccoli/img/banner/banner-1.jpg]
[tunatheme.com/tf/html/broccoli-preview/broccoli/img/gallery/1.jpg]
[tunatheme.com/tf/html/broccoli-preview/broccoli/img/gallery/2.jpg]
[tunatheme.com/tf/html/broccoli-preview/broccoli/img/gallery/3.jpg]
[tunatheme.com/tf/html/broccoli-preview/broccoli/img/gallery/4.jpg]
[tunatheme.com/tf/html/broccoli-preview/broccoli/img/gallery/5.jpg]
[tunatheme.com/tf/html/broccoli-preview/broccoli/img/gallery/6.jpg]
[tunatheme.com/tf/html/broccoli-preview/broccoli/img/gallery/7.jpg]
[tunatheme.com/tf/html/broccoli-preview/broccoli/img/gallery/8.jpg]
[tunatheme.com/tf/html/broccoli-preview/broccoli/img/gallery/9.jpg]
[tunatheme.com/tf/html/broccoli-preview/broccoli/img/gallery/10.jpg]
[tunatheme.com/tf/html/broccoli-preview/broccoli/portfolio.html]
[tunatheme.com/tf/html/broccoli-preview/broccoli/portfolio-2.html]
[tunatheme.com/tf/html/broccoli-preview/broccoli/img/service/22.jpg]
[tunatheme.com/tf/html/broccoli-preview/broccoli/img/blog/7.jpg]
[tunatheme.com/tf/html/broccoli-preview/broccoli/img/blog/8.jpg]
[tunatheme.com/tf/html/broccoli-preview/broccoli/img/service/33.jpg]
[tunatheme.com/tf/html/broccoli-preview/broccoli/img/service/34.jpg]
[tunatheme.com/tf/html/broccoli-preview/broccoli/portfolio-details.html]
[tunatheme.com/tf/html/broccoli-preview/broccoli/img/banner/banner-2.jpg]
[tunatheme.com/tf/html/broccoli-preview/broccoli/img/team/5.jpg]
[tunatheme.com/tf/html/broccoli-preview/broccoli/img/team/6.jpg]
[tunatheme.com/tf/html/broccoli-preview/broccoli/img/team/7.jpg]
[tunatheme.com/tf/html/broccoli-preview/broccoli/img/team/8.jpg]
[tunatheme.com/tf/html/broccoli-preview/broccoli/team.html]
[tunatheme.com/tf/html/broccoli-preview/broccoli/team-details.html]
[tunatheme.com/tf/html/broccoli-preview/broccoli/img/team/t-4.jpg]
[tunatheme.com/tf/html/broccoli-preview/broccoli/faq.html]
[tunatheme.com/tf/html/broccoli-preview/broccoli/shop.html]
[tunatheme.com/tf/html/broccoli-preview/broccoli/shop-grid.html]
[tunatheme.com/tf/html/broccoli-preview/broccoli/shop-left-sidebar.html]
[tunatheme.com/tf/html/broccoli-preview/broccoli/shop-right-sidebar.html]
[tunatheme.com/tf/html/broccoli-preview/broccoli/img/banner/banner-3.jpg]
[tunatheme.com/tf/html/broccoli-preview/broccoli/img/icons/payment-2.png]
[tunatheme.com/tf/html/broccoli-preview/broccoli/product-details.html]
[tunatheme.com/tf/html/broccoli-preview/broccoli/product-details-no-sidebar.html]
[tunatheme.com/tf/html/broccoli-preview/broccoli/cart.html]
[tunatheme.com/tf/html/broccoli-preview/broccoli/wishlist.html]
[tunatheme.com/tf/html/broccoli-preview/broccoli/img/testimonial/3.jpg]
[tunatheme.com/tf/html/broccoli-preview/broccoli/checkout.html]
[tunatheme.com/tf/html/broccoli-preview/broccoli/order-tracking.html]
[tunatheme.com/tf/html/broccoli-preview/broccoli/img/icons/payment-3.png]
[tunatheme.com/tf/html/broccoli-preview/broccoli/account.html]
[tunatheme.com/tf/html/broccoli-preview/broccoli/login.html]
[tunatheme.com/tf/html/broccoli-preview/broccoli/register.html]
[tunatheme.com/tf/html/broccoli-preview/broccoli/img/blog/31.jpg]
[tunatheme.com/tf/html/broccoli-preview/broccoli/img/blog/author.jpg]
[tunatheme.com/tf/html/broccoli-preview/broccoli/img/blog/32.jpg]
[tunatheme.com/tf/html/broccoli-preview/broccoli/img/blog/33.jpg]
[tunatheme.com/tf/html/broccoli-preview/broccoli/img/blog/34.jpg]
[tunatheme.com/tf/html/broccoli-preview/broccoli/blog.html]
[tunatheme.com/tf/html/broccoli-preview/broccoli/img/banner/banner-4.jpg]
[tunatheme.com/tf/html/broccoli-preview/broccoli/blog-grid.html]
[tunatheme.com/tf/html/broccoli-preview/broccoli/blog-left-sidebar.html]
[tunatheme.com/tf/html/broccoli-preview/broccoli/blog-right-sidebar.html]
[tunatheme.com/tf/html/broccoli-preview/broccoli/img/blog/6.jpg]
[tunatheme.com/tf/html/broccoli-preview/broccoli/img/blog/35.jpg]
[tunatheme.com/tf/html/broccoli-preview/broccoli/img/blog/blog-details/1.jpg]
[tunatheme.com/tf/html/broccoli-preview/broccoli/img/blog/blog-details/11.jpg]
[tunatheme.com/tf/html/broccoli-preview/broccoli/img/blog/blog-details/12.jpg]
[tunatheme.com/tf/html/broccoli-preview/broccoli/blog-details.html]
[tunatheme.com/tf/html/broccoli-preview/broccoli/img/testimonial/4.jpg]
[tunatheme.com/tf/html/broccoli-preview/broccoli/img/img-slide/12.jpg]
[tunatheme.com/tf/html/broccoli-preview/broccoli/img/img-slide/11.jpg]
[tunatheme.com/tf/html/broccoli-preview/broccoli/history.html]
[tunatheme.com/tf/html/broccoli-preview/broccoli/img/img-slide/13.jpg]
[tunatheme.com/tf/html/broccoli-preview/broccoli/img/icons/10.png]
[tunatheme.com/tf/html/broccoli-preview/broccoli/img/icons/11.png]
[tunatheme.com/tf/html/broccoli-preview/broccoli/img/icons/12.png]
[tunatheme.com/tf/html/broccoli-preview/broccoli/contact.html]
[tunatheme.com/tf/html/broccoli-preview/broccoli/404.html]
[tunatheme.com/tf/html/broccoli-preview/broccoli/coming-soon.html]
[tunatheme.com/tf/html/broccoli-preview/broccoli/webfonts/fa-brands-400.svg]
[tunatheme.com/tf/html/broccoli-preview/broccoli/webfonts/fa-regular-400.svg]
[tunatheme.com/tf/html/broccoli-preview/broccoli/webfonts/fa-solid-900.svg]
[tunatheme.com/tf/html/broccoli-preview/broccoli/fonts/icomoon7d2d.svg]
[tunatheme.com/tf/html/broccoli-preview/broccoli/fonts/lightcaseeead.svg]
[tunatheme.com/tf/html/broccoli-preview/broccoli/css/images/ui-bg_inset-hard_100_fcfdfd_1x100.html]
[tunatheme.com/tf/html/broccoli-preview/broccoli/css/images/ui-bg_gloss-wave_55_5c9ccc_500x100.html]
[tunatheme.com/tf/html/broccoli-preview/broccoli/css/images/ui-bg_glass_85_dfeffc_1x400.html]
[tunatheme.com/tf/html/broccoli-preview/broccoli/css/images/ui-bg_glass_75_d0e5f5_1x400.html]
[tunatheme.com/tf/html/broccoli-preview/broccoli/css/images/ui-bg_inset-hard_100_f5f8f9_1x100.html]
[tunatheme.com/tf/html/broccoli-preview/broccoli/css/images/ui-bg_glass_95_fef1ec_1x400.html]
[tunatheme.com/tf/html/broccoli-preview/broccoli/css/images/ui-icons_469bdd_256x240.html]
[tunatheme.com/tf/html/broccoli-preview/broccoli/css/images/ui-icons_d8e7f3_256x240.html]
[tunatheme.com/tf/html/broccoli-preview/broccoli/css/images/ui-icons_6da8d5_256x240.html]
[tunatheme.com/tf/html/broccoli-preview/broccoli/css/images/ui-icons_217bc0_256x240.html]
[tunatheme.com/tf/html/broccoli-preview/broccoli/css/images/ui-icons_f9bd01_256x240.html]
[tunatheme.com/tf/html/broccoli-preview/broccoli/css/images/ui-icons_2e83ff_256x240.html]
[tunatheme.com/tf/html/broccoli-preview/broccoli/css/images/ui-icons_cd0a0a_256x240.html]
[tunatheme.com/tf/html/broccoli-preview/broccoli/img/icons/svg/8-trolley.svg]
[tunatheme.com/tf/html/broccoli-preview/broccoli/img/icons/svg/9-money.svg]
[tunatheme.com/tf/html/broccoli-preview/broccoli/img/icons/svg/10-credit-card.svg]
[tunatheme.com/tf/html/broccoli-preview/broccoli/img/icons/svg/11-gift-card.svg]
[tunatheme.com/tf/html/broccoli-preview/broccoli/img/gallery/no-image.html]
[tunatheme.com/tf/html/broccoli-preview/broccoli/login-register.html]
[tunatheme.com/tf/html/broccoli-preview/broccoli/js/contact.js]
